[0m[36;1m
                                    RANCHBOY
                                    ⎺⎺⎺⎺⎺⎺⎺⎺[0;1m
         Connects to your Rancher2 nodes and pods easily from the CLI.
[0m
  By running the command `[36mranchboy[0m` alone, you will access an interactive mode.
        This mode is also available when some parameters are not defined.

┏━━━━━━━━┓
┃ [1mConfig[0m ┃
┠────────┺━━━━━━━━━━━━━━━━━━━━━━━━━━━┯━━━━━━━━━━━━━━━━━━━━━━━━━━━━━━━━━━━━━━━━━┓
┃ Configure your rancher credentials │ [36mranchboy [32m--config[0m                       ┃
┗━━━━━━━━━━━━━━━━━━━━━━━━━━━━━━━━━━━━┷━━━━━━━━━━━━━━━━━━━━━━━━━━━━━━━━━━━━━━━━━┛

┏━━━━━━┓
┃ [1mLogs[0m ┃
┠──────┺━━━━━━━━━━━━━━━━━━━━━━━━━━━━━┯━━━━━━━━━━━━━━━━━━━━━━━━━━━━━━━━━━━━━━━━━┓
┃ Read the logs of the pod           │ [36mranchboy [90m<cluster> <node> <pod>[33m --logs[0m  ┃
┗━━━━━━━━━━━━━━━━━━━━━━━━━━━━━━━━━━━━┷━━━━━━━━━━━━━━━━━━━━━━━━━━━━━━━━━━━━━━━━━┛

┏━━━━━━━┓
┃ [1mShell[0m ┃
┠───────┺━━━━━━━━━━━━━━━━━━━━━━━━━━━━┯━━━━━━━━━━━━━━━━━━━━━━━━━━━━━━━━━━━━━━━━━┓
┃ Open an SSH connection to the node │ [36mranchboy [90m<cluster> <node>[34m --shell[0m       ┃
┃ Open a shell in the pod            │ [36mranchboy [90m<cluster> <node> <pod>[34m --shell[0m ┃
┗━━━━━━━━━━━━━━━━━━━━━━━━━━━━━━━━━━━━┷━━━━━━━━━━━━━━━━━━━━━━━━━━━━━━━━━━━━━━━━━┛

             All the clusters, nodes and pods names can be partial.[0m
